app/profile/actions.ts(3,30): error TS2307: Cannot find module '@/utils/supabase/server' or its corresponding type declarations.
app/profile/page.tsx(1,20): error TS2307: Cannot find module '@/components/layout/Header' or its corresponding type declarations.
app/profile/page.tsx(3,30): error TS2307: Cannot find module '@/utils/supabase/server' or its corresponding type declarations.
app/profile/page.tsx(9,25): error TS6142: Module './ProfileForm' was resolved to 'C:/Users/pablo/Desarrollo/arbor-finance/app/profile/ProfileForm.tsx', but '--jsx' is not set.
app/profile/page.tsx(33,5): error TS17004: Cannot use JSX unless the '--jsx' flag is provided.
app/profile/page.tsx(34,7): error TS17004: Cannot use JSX unless the '--jsx' flag is provided.
app/profile/page.tsx(36,7): error TS17004: Cannot use JSX unless the '--jsx' flag is provided.
app/profile/page.tsx(37,9): error TS17004: Cannot use JSX unless the '--jsx' flag is provided.
app/profile/page.tsx(38,11): error TS17004: Cannot use JSX unless the '--jsx' flag is provided.
app/profile/page.tsx(39,11): error TS17004: Cannot use JSX unless the '--jsx' flag is provided.
app/profile/page.tsx(44,9): error TS17004: Cannot use JSX unless the '--jsx' flag is provided.
app/profile/page.tsx(46,11): error TS17004: Cannot use JSX unless the '--jsx' flag is provided.
app/profile/page.tsx(47,13): error TS17004: Cannot use JSX unless the '--jsx' flag is provided.
app/profile/page.tsx(48,15): error TS17004: Cannot use JSX unless the '--jsx' flag is provided.
app/profile/page.tsx(49,17): error TS17004: Cannot use JSX unless the '--jsx' flag is provided.
app/profile/page.tsx(52,15): error TS17004: Cannot use JSX unless the '--jsx' flag is provided.
app/profile/page.tsx(53,17): error TS17004: Cannot use JSX unless the '--jsx' flag is provided.
app/profile/page.tsx(56,15): error TS17004: Cannot use JSX unless the '--jsx' flag is provided.
app/profile/page.tsx(57,17): error TS17004: Cannot use JSX unless the '--jsx' flag is provided.
app/profile/page.tsx(60,15): error TS17004: Cannot use JSX unless the '--jsx' flag is provided.
app/profile/page.tsx(61,17): error TS17004: Cannot use JSX unless the '--jsx' flag is provided.
app/profile/page.tsx(68,11): error TS17004: Cannot use JSX unless the '--jsx' flag is provided.
app/profile/ProfileForm.tsx(6,19): error TS2307: Cannot find module '@/components/ui/Toast' or its corresponding type declarations.
app/profile/ProfileForm.tsx(45,5): error TS17004: Cannot use JSX unless the '--jsx' flag is provided.
app/profile/ProfileForm.tsx(46,7): error TS17004: Cannot use JSX unless the '--jsx' flag is provided.
app/profile/ProfileForm.tsx(49,9): error TS17004: Cannot use JSX unless the '--jsx' flag is provided.
app/profile/ProfileForm.tsx(50,11): error TS17004: Cannot use JSX unless the '--jsx' flag is provided.
app/profile/ProfileForm.tsx(51,13): error TS17004: Cannot use JSX unless the '--jsx' flag is provided.
app/profile/ProfileForm.tsx(52,13): error TS17004: Cannot use JSX unless the '--jsx' flag is provided.
app/profile/ProfileForm.tsx(55,11): error TS17004: Cannot use JSX unless the '--jsx' flag is provided.
app/profile/ProfileForm.tsx(57,13): error TS17004: Cannot use JSX unless the '--jsx' flag is provided.
app/profile/ProfileForm.tsx(58,15): error TS17004: Cannot use JSX unless the '--jsx' flag is provided.
app/profile/ProfileForm.tsx(60,19): error TS17004: Cannot use JSX unless the '--jsx' flag is provided.
app/profile/ProfileForm.tsx(68,19): error TS17004: Cannot use JSX unless the '--jsx' flag is provided.
app/profile/ProfileForm.tsx(69,21): error TS17004: Cannot use JSX unless the '--jsx' flag is provided.
app/profile/ProfileForm.tsx(70,23): error TS17004: Cannot use JSX unless the '--jsx' flag is provided.
app/profile/ProfileForm.tsx(75,15): error TS17004: Cannot use JSX unless the '--jsx' flag is provided.
app/profile/ProfileForm.tsx(76,17): error TS17004: Cannot use JSX unless the '--jsx' flag is provided.
app/profile/ProfileForm.tsx(81,13): error TS17004: Cannot use JSX unless the '--jsx' flag is provided.
app/profile/ProfileForm.tsx(82,15): error TS17004: Cannot use JSX unless the '--jsx' flag is provided.
app/profile/ProfileForm.tsx(83,17): error TS17004: Cannot use JSX unless the '--jsx' flag is provided.
app/profile/ProfileForm.tsx(84,17): error TS17004: Cannot use JSX unless the '--jsx' flag is provided.
app/profile/ProfileForm.tsx(93,15): error TS17004: Cannot use JSX unless the '--jsx' flag is provided.
app/profile/ProfileForm.tsx(94,17): error TS17004: Cannot use JSX unless the '--jsx' flag is provided.
app/profile/ProfileForm.tsx(95,17): error TS17004: Cannot use JSX unless the '--jsx' flag is provided.
app/profile/ProfileForm.tsx(102,15): error TS17004: Cannot use JSX unless the '--jsx' flag is provided.
app/profile/ProfileForm.tsx(103,17): error TS17004: Cannot use JSX unless the '--jsx' flag is provided.
app/profile/ProfileForm.tsx(104,17): error TS17004: Cannot use JSX unless the '--jsx' flag is provided.
app/profile/ProfileForm.tsx(111,15): error TS17004: Cannot use JSX unless the '--jsx' flag is provided.
app/profile/ProfileForm.tsx(112,17): error TS17004: Cannot use JSX unless the '--jsx' flag is provided.
app/profile/ProfileForm.tsx(113,17): error TS17004: Cannot use JSX unless the '--jsx' flag is provided.
app/profile/ProfileForm.tsx(114,19): error TS17004: Cannot use JSX unless the '--jsx' flag is provided.
app/profile/ProfileForm.tsx(119,21): error TS17004: Cannot use JSX unless the '--jsx' flag is provided.
app/profile/ProfileForm.tsx(120,21): error TS17004: Cannot use JSX unless the '--jsx' flag is provided.
app/profile/ProfileForm.tsx(121,21): error TS17004: Cannot use JSX unless the '--jsx' flag is provided.
app/profile/ProfileForm.tsx(122,21): error TS17004: Cannot use JSX unless the '--jsx' flag is provided.
app/profile/ProfileForm.tsx(123,21): error TS17004: Cannot use JSX unless the '--jsx' flag is provided.
app/profile/ProfileForm.tsx(125,19): error TS17004: Cannot use JSX unless the '--jsx' flag is provided.
app/profile/ProfileForm.tsx(126,21): error TS17004: Cannot use JSX unless the '--jsx' flag is provided.
app/profile/ProfileForm.tsx(126,100): error TS17004: Cannot use JSX unless the '--jsx' flag is provided.
app/profile/ProfileForm.tsx(135,9): error TS17004: Cannot use JSX unless the '--jsx' flag is provided.
app/profile/ProfileForm.tsx(136,12): error TS17004: Cannot use JSX unless the '--jsx' flag is provided.
app/profile/ProfileForm.tsx(137,13): error TS17004: Cannot use JSX unless the '--jsx' flag is provided.
app/profile/ProfileForm.tsx(138,13): error TS17004: Cannot use JSX unless the '--jsx' flag is provided.
app/profile/ProfileForm.tsx(142,13): error TS17004: Cannot use JSX unless the '--jsx' flag is provided.
app/profile/ProfileForm.tsx(143,15): error TS17004: Cannot use JSX unless the '--jsx' flag is provided.
app/profile/ProfileForm.tsx(144,15): error TS17004: Cannot use JSX unless the '--jsx' flag is provided.
app/profile/ProfileForm.tsx(149,13): error TS17004: Cannot use JSX unless the '--jsx' flag is provided.
app/profile/ProfileForm.tsx(150,15): error TS17004: Cannot use JSX unless the '--jsx' flag is provided.
app/profile/ProfileForm.tsx(151,17): error TS17004: Cannot use JSX unless the '--jsx' flag is provided.
app/profile/ProfileForm.tsx(152,19): error TS17004: Cannot use JSX unless the '--jsx' flag is provided.
app/profile/ProfileForm.tsx(153,19): error TS17004: Cannot use JSX unless the '--jsx' flag is provided.
app/profile/ProfileForm.tsx(155,17): error TS17004: Cannot use JSX unless the '--jsx' flag is provided.
app/profile/ProfileForm.tsx(156,19): error TS17004: Cannot use JSX unless the '--jsx' flag is provided.
app/profile/ProfileForm.tsx(157,19): error TS17004: Cannot use JSX unless the '--jsx' flag is provided.
app/profile/ProfileForm.tsx(161,15): error TS17004: Cannot use JSX unless the '--jsx' flag is provided.
app/profile/ProfileForm.tsx(162,17): error TS17004: Cannot use JSX unless the '--jsx' flag is provided.
app/profile/ProfileForm.tsx(163,19): error TS17004: Cannot use JSX unless the '--jsx' flag is provided.
app/profile/ProfileForm.tsx(164,19): error TS17004: Cannot use JSX unless the '--jsx' flag is provided.
app/profile/ProfileForm.tsx(166,17): error TS17004: Cannot use JSX unless the '--jsx' flag is provided.
app/profile/ProfileForm.tsx(175,9): error TS17004: Cannot use JSX unless the '--jsx' flag is provided.
app/profile/ProfileForm.tsx(176,12): error TS17004: Cannot use JSX unless the '--jsx' flag is provided.
app/profile/ProfileForm.tsx(177,13): error TS17004: Cannot use JSX unless the '--jsx' flag is provided.
app/profile/ProfileForm.tsx(178,13): error TS17004: Cannot use JSX unless the '--jsx' flag is provided.
app/profile/ProfileForm.tsx(181,11): error TS17004: Cannot use JSX unless the '--jsx' flag is provided.
app/profile/ProfileForm.tsx(182,13): error TS17004: Cannot use JSX unless the '--jsx' flag is provided.
app/profile/ProfileForm.tsx(183,15): error TS17004: Cannot use JSX unless the '--jsx' flag is provided.
app/profile/ProfileForm.tsx(184,15): error TS17004: Cannot use JSX unless the '--jsx' flag is provided.
app/profile/ProfileForm.tsx(186,17): error TS17004: Cannot use JSX unless the '--jsx' flag is provided.
app/profile/ProfileForm.tsx(187,17): error TS17004: Cannot use JSX unless the '--jsx' flag is provided.
app/profile/ProfileForm.tsx(190,17): error TS17004: Cannot use JSX unless the '--jsx' flag is provided.
app/profile/ProfileForm.tsx(194,19): error TS17004: Cannot use JSX unless the '--jsx' flag is provided.
app/profile/ProfileForm.tsx(198,17): error TS17004: Cannot use JSX unless the '--jsx' flag is provided.
app/profile/ProfileForm.tsx(202,19): error TS17004: Cannot use JSX unless the '--jsx' flag is provided.
app/profile/ProfileForm.tsx(207,13): error TS17004: Cannot use JSX unless the '--jsx' flag is provided.
app/profile/ProfileForm.tsx(208,15): error TS17004: Cannot use JSX unless the '--jsx' flag is provided.
app/profile/ProfileForm.tsx(209,15): error TS17004: Cannot use JSX unless the '--jsx' flag is provided.
app/profile/ProfileForm.tsx(210,17): error TS17004: Cannot use JSX unless the '--jsx' flag is provided.
app/profile/ProfileForm.tsx(211,19): error TS17004: Cannot use JSX unless the '--jsx' flag is provided.
app/profile/ProfileForm.tsx(212,19): error TS17004: Cannot use JSX unless the '--jsx' flag is provided.
app/profile/ProfileForm.tsx(213,21): error TS17004: Cannot use JSX unless the '--jsx' flag is provided.
app/profile/ProfileForm.tsx(216,17): error TS17004: Cannot use JSX unless the '--jsx' flag is provided.
app/profile/ProfileForm.tsx(217,19): error TS17004: Cannot use JSX unless the '--jsx' flag is provided.
app/profile/ProfileForm.tsx(218,19): error TS17004: Cannot use JSX unless the '--jsx' flag is provided.
app/profile/ProfileForm.tsx(219,21): error TS17004: Cannot use JSX unless the '--jsx' flag is provided.
app/profile/ProfileForm.tsx(228,10): error TS17004: Cannot use JSX unless the '--jsx' flag is provided.
app/profile/ProfileForm.tsx(229,12): error TS17004: Cannot use JSX unless the '--jsx' flag is provided.
app/profile/ProfileForm.tsx(230,13): error TS17004: Cannot use JSX unless the '--jsx' flag is provided.
app/profile/ProfileForm.tsx(231,15): error TS17004: Cannot use JSX unless the '--jsx' flag is provided.
app/profile/ProfileForm.tsx(232,15): error TS17004: Cannot use JSX unless the '--jsx' flag is provided.
app/profile/ProfileForm.tsx(234,13): error TS17004: Cannot use JSX unless the '--jsx' flag is provided.
app/profile/ProfileForm.tsx(235,15): error TS17004: Cannot use JSX unless the '--jsx' flag is provided.
app/profile/ProfileForm.tsx(239,11): error TS17004: Cannot use JSX unless the '--jsx' flag is provided.
app/profile/ProfileForm.tsx(240,13): error TS17004: Cannot use JSX unless the '--jsx' flag is provided.
app/profile/ProfileForm.tsx(241,15): error TS17004: Cannot use JSX unless the '--jsx' flag is provided.
app/profile/ProfileForm.tsx(242,17): error TS17004: Cannot use JSX unless the '--jsx' flag is provided.
app/profile/ProfileForm.tsx(243,19): error TS17004: Cannot use JSX unless the '--jsx' flag is provided.
app/profile/ProfileForm.tsx(245,17): error TS17004: Cannot use JSX unless the '--jsx' flag is provided.
app/profile/ProfileForm.tsx(246,19): error TS17004: Cannot use JSX unless the '--jsx' flag is provided.
app/profile/ProfileForm.tsx(247,19): error TS17004: Cannot use JSX unless the '--jsx' flag is provided.
app/profile/ProfileForm.tsx(250,15): error TS17004: Cannot use JSX unless the '--jsx' flag is provided.
app/profile/ProfileForm.tsx(251,17): error TS17004: Cannot use JSX unless the '--jsx' flag is provided.
app/profile/ProfileForm.tsx(255,13): error TS17004: Cannot use JSX unless the '--jsx' flag is provided.
app/profile/ProfileForm.tsx(256,15): error TS17004: Cannot use JSX unless the '--jsx' flag is provided.
app/profile/ProfileForm.tsx(257,17): error TS17004: Cannot use JSX unless the '--jsx' flag is provided.
app/profile/ProfileForm.tsx(258,19): error TS17004: Cannot use JSX unless the '--jsx' flag is provided.
app/profile/ProfileForm.tsx(258,175): error TS17004: Cannot use JSX unless the '--jsx' flag is provided.
app/profile/ProfileForm.tsx(258,197): error TS17004: Cannot use JSX unless the '--jsx' flag is provided.
app/profile/ProfileForm.tsx(260,17): error TS17004: Cannot use JSX unless the '--jsx' flag is provided.
app/profile/ProfileForm.tsx(261,19): error TS17004: Cannot use JSX unless the '--jsx' flag is provided.
app/profile/ProfileForm.tsx(262,19): error TS17004: Cannot use JSX unless the '--jsx' flag is provided.
app/profile/ProfileForm.tsx(265,15): error TS17004: Cannot use JSX unless the '--jsx' flag is provided.
app/profile/ProfileForm.tsx(266,17): error TS17004: Cannot use JSX unless the '--jsx' flag is provided.
app/profile/ProfileForm.tsx(273,9): error TS17004: Cannot use JSX unless the '--jsx' flag is provided.
app/profile/ProfileForm.tsx(274,11): error TS17004: Cannot use JSX unless the '--jsx' flag is provided.
app/profile/ProfileForm.tsx(277,11): error TS17004: Cannot use JSX unless the '--jsx' flag is provided.
app/profile/ProfileForm.tsx(282,13): error TS17004: Cannot use JSX unless the '--jsx' flag is provided.
app/profile/ProfileForm.tsx(283,28): error TS17004: Cannot use JSX unless the '--jsx' flag is provided.
app/profile/ProfileForm.tsx(289,7): error TS17004: Cannot use JSX unless the '--jsx' flag is provided.
node_modules/next/dist/build/templates/app-page.d.ts(3,25): error TS2307: Cannot find module 'VAR_MODULE_GLOBAL_ERROR' or its corresponding type declarations.
node_modules/next/dist/build/webpack-config.d.ts(10,104): error TS2694: Namespace '"C:/Users/pablo/Desarrollo/arbor-finance/node_modules/next/dist/compiled/webpack/webpack".webpack' has no exported member 'RuleSetUseItem'.
node_modules/next/dist/build/webpack/loaders/next-app-loader/index.d.ts(1,13): error TS2613: Module '"C:/Users/pablo/Desarrollo/arbor-finance/node_modules/next/dist/compiled/webpack/webpack"' has no default export. Did you mean to use 'import { webpack } from "C:/Users/pablo/Desarrollo/arbor-finance/node_modules/next/dist/compiled/webpack/webpack"' instead?
node_modules/next/dist/client/components/error-boundary.d.ts(1,8): error TS1259: Module '"C:/Users/pablo/Desarrollo/arbor-finance/node_modules/@types/react/index"' can only be default-imported using the 'esModuleInterop' flag
node_modules/next/dist/client/components/http-access-fallback/error-boundary.d.ts(11,8): error TS1259: Module '"C:/Users/pablo/Desarrollo/arbor-finance/node_modules/@types/react/index"' can only be default-imported using the 'esModuleInterop' flag
node_modules/next/dist/client/components/layout-router.d.ts(2,8): error TS1259: Module '"C:/Users/pablo/Desarrollo/arbor-finance/node_modules/@types/react/index"' can only be default-imported using the 'esModuleInterop' flag
node_modules/next/dist/client/image-component.d.ts(1,8): error TS1259: Module '"C:/Users/pablo/Desarrollo/arbor-finance/node_modules/@types/react/index"' can only be default-imported using the 'esModuleInterop' flag
node_modules/next/dist/client/with-router.d.ts(1,8): error TS1259: Module '"C:/Users/pablo/Desarrollo/arbor-finance/node_modules/@types/react/index"' can only be default-imported using the 'esModuleInterop' flag
node_modules/next/dist/lib/metadata/metadata.d.ts(1,8): error TS1259: Module '"C:/Users/pablo/Desarrollo/arbor-finance/node_modules/@types/react/index"' can only be default-imported using the 'esModuleInterop' flag
node_modules/next/dist/next-devtools/userspace/pages/pages-dev-overlay-setup.d.ts(1,8): error TS1259: Module '"C:/Users/pablo/Desarrollo/arbor-finance/node_modules/@types/react/index"' can only be default-imported using the 'esModuleInterop' flag
node_modules/next/dist/server/app-render/entry-base.d.ts(1,114): error TS2307: Cannot find module 'react-server-dom-webpack/server' or its corresponding type declarations.
node_modules/next/dist/server/app-render/entry-base.d.ts(2,27): error TS2307: Cannot find module 'react-server-dom-webpack/static' or its corresponding type declarations.
node_modules/next/dist/server/web/spec-extension/adapters/headers.d.ts(39,16): error TS2304: Cannot find name 'HeadersIterator'.
node_modules/next/dist/server/web/spec-extension/adapters/headers.d.ts(40,13): error TS2304: Cannot find name 'HeadersIterator'.
node_modules/next/dist/server/web/spec-extension/adapters/headers.d.ts(41,15): error TS2304: Cannot find name 'HeadersIterator'.
node_modules/next/dist/server/web/spec-extension/adapters/headers.d.ts(42,26): error TS2304: Cannot find name 'HeadersIterator'.
node_modules/next/dist/shared/lib/app-router-context.shared-runtime.d.ts(4,8): error TS1259: Module '"C:/Users/pablo/Desarrollo/arbor-finance/node_modules/@types/react/index"' can only be default-imported using the 'esModuleInterop' flag
node_modules/next/dist/shared/lib/app-router-types.d.ts(7,13): error TS1259: Module '"C:/Users/pablo/Desarrollo/arbor-finance/node_modules/@types/react/index"' can only be default-imported using the 'esModuleInterop' flag
node_modules/next/dist/shared/lib/head-manager-context.shared-runtime.d.ts(1,8): error TS1259: Module '"C:/Users/pablo/Desarrollo/arbor-finance/node_modules/@types/react/index"' can only be default-imported using the 'esModuleInterop' flag
node_modules/next/dist/shared/lib/image-config-context.shared-runtime.d.ts(1,8): error TS1259: Module '"C:/Users/pablo/Desarrollo/arbor-finance/node_modules/@types/react/index"' can only be default-imported using the 'esModuleInterop' flag
node_modules/next/dist/shared/lib/loadable-context.shared-runtime.d.ts(1,8): error TS1259: Module '"C:/Users/pablo/Desarrollo/arbor-finance/node_modules/@types/react/index"' can only be default-imported using the 'esModuleInterop' flag
node_modules/next/dist/shared/lib/loadable.shared-runtime.d.ts(21,8): error TS1259: Module '"C:/Users/pablo/Desarrollo/arbor-finance/node_modules/@types/react/index"' can only be default-imported using the 'esModuleInterop' flag
node_modules/next/dist/shared/lib/router-context.shared-runtime.d.ts(1,8): error TS1259: Module '"C:/Users/pablo/Desarrollo/arbor-finance/node_modules/@types/react/index"' can only be default-imported using the 'esModuleInterop' flag
node_modules/next/dist/shared/lib/server-inserted-html.shared-runtime.d.ts(1,8): error TS1259: Module '"C:/Users/pablo/Desarrollo/arbor-finance/node_modules/@types/react/index"' can only be default-imported using the 'esModuleInterop' flag
node_modules/next/dist/shared/lib/utils.d.ts(10,13): error TS1192: Module '"fs"' has no default export.
node_modules/next/dist/types.d.ts(4,23): error TS2688: Cannot find type definition file for 'react-dom'.
node_modules/next/dist/types.d.ts(5,23): error TS2688: Cannot find type definition file for 'react-dom/experimental'.
